
===========================================================================
 report_power
============================================================================
======================= min_ff_n40C_1v95 Corner ===================================

Group                    Internal    Switching      Leakage        Total
                            Power        Power        Power        Power (Watts)
------------------------------------------------------------------------
Sequential           2.586271e-05 2.695549e-08 1.242091e-09 2.589091e-05  46.1%
Combinational        1.490115e-06 3.521526e-06 9.474419e-09 5.021114e-06   8.9%
Clock                1.025202e-05 1.494744e-05 1.916424e-08 2.521863e-05  44.9%
Macro                0.000000e+00 0.000000e+00 0.000000e+00 0.000000e+00   0.0%
Pad                  0.000000e+00 0.000000e+00 0.000000e+00 0.000000e+00   0.0%
------------------------------------------------------------------------
Total                3.760483e-05 1.849592e-05 2.988074e-08 5.613064e-05 100.0%
                            67.0%        33.0%         0.1%

