
===========================================================================
report_checks -path_delay min (Hold)
============================================================================
======================= nom_ss_100C_1v60 Corner ===================================

Startpoint: wbs_adr_i[10] (input port clocked by clk)
Endpoint: wbs_dat_o[0] (output port clocked by clk)
Path Group: clk
Path Type: min

Fanout         Cap        Slew       Delay        Time   Description
---------------------------------------------------------------------------------------------
                      0.000000    0.000000    0.000000   clock clk (rise edge)
                                  0.000000    0.000000   clock network delay (ideal)
                                 20.000000   20.000000 ^ input external delay
     2    0.004009    0.040383    0.022165   20.022165 ^ wbs_adr_i[10] (in)
                                                         wbs_adr_i[10] (net)
                      0.040383    0.000000   20.022165 ^ input8/A (sky130_fd_sc_hd__clkbuf_1)
     2    0.005438    0.118753    0.171809   20.193975 ^ input8/X (sky130_fd_sc_hd__clkbuf_1)
                                                         net8 (net)
                      0.118753    0.000075   20.194050 ^ _0748_/D (sky130_fd_sc_hd__or4_1)
     1    0.004145    0.079820    0.203595   20.397646 ^ _0748_/X (sky130_fd_sc_hd__or4_1)
                                                         _0093_ (net)
                      0.079820    0.000153   20.397799 ^ _0749_/B (sky130_fd_sc_hd__or2_1)
     2    0.011212    0.180215    0.250058   20.647856 ^ _0749_/X (sky130_fd_sc_hd__or2_1)
                                                         _0094_ (net)
                      0.180215    0.000574   20.648430 ^ _0753_/A (sky130_fd_sc_hd__nor2_2)
     4    0.022241    0.109817    0.176620   20.825048 v _0753_/Y (sky130_fd_sc_hd__nor2_2)
                                                         _0098_ (net)
                      0.109820    0.000721   20.825769 v _1407_/A2 (sky130_fd_sc_hd__a22o_1)
     1    0.002439    0.066401    0.419169   21.244940 v _1407_/X (sky130_fd_sc_hd__a22o_1)
                                                         net110 (net)
                      0.066401    0.000052   21.244991 v output110/A (sky130_fd_sc_hd__buf_2)
     1    0.034229    0.165791    0.342752   21.587742 v output110/X (sky130_fd_sc_hd__buf_2)
                                                         wbs_dat_o[0] (net)
                      0.165792    0.000728   21.588470 v wbs_dat_o[0] (out)
                                             21.588470   data arrival time

                      0.000000    0.000000    0.000000   clock clk (rise edge)
                                  0.000000    0.000000   clock network delay (ideal)
                                  0.250000    0.250000   clock uncertainty
                                  0.000000    0.250000   clock reconvergence pessimism
                                -20.000000  -19.750002   output external delay
                                            -19.750002   data required time
---------------------------------------------------------------------------------------------
                                            -19.750002   data required time
                                            -21.588470   data arrival time
---------------------------------------------------------------------------------------------
                                             41.338470   slack (MET)


Startpoint: wbs_adr_i[4] (input port clocked by clk)
Endpoint: wbs_dat_o[5] (output port clocked by clk)
Path Group: clk
Path Type: min

Fanout         Cap        Slew       Delay        Time   Description
---------------------------------------------------------------------------------------------
                      0.000000    0.000000    0.000000   clock clk (rise edge)
                                  0.000000    0.000000   clock network delay (ideal)
                                 20.000000   20.000000 ^ input external delay
     2    0.004258    0.042089    0.023480   20.023479 ^ wbs_adr_i[4] (in)
                                                         wbs_adr_i[4] (net)
                      0.042089    0.000000   20.023479 ^ input17/A (sky130_fd_sc_hd__clkbuf_1)
     1    0.002346    0.064800    0.131639   20.155119 ^ input17/X (sky130_fd_sc_hd__clkbuf_1)
                                                         net17 (net)
                      0.064800    0.000048   20.155167 ^ _0751_/B (sky130_fd_sc_hd__or3_1)
     4    0.013042    0.199958    0.268603   20.423769 ^ _0751_/X (sky130_fd_sc_hd__or3_1)
                                                         _0096_ (net)
                      0.199958    0.000469   20.424238 ^ _1402_/A (sky130_fd_sc_hd__nor2_1)
     2    0.013205    0.132451    0.204299   20.628538 v _1402_/Y (sky130_fd_sc_hd__nor2_1)
                                                         _0693_ (net)
                      0.132451    0.000638   20.629175 v _1408_/B (sky130_fd_sc_hd__nor2_4)
    12    0.042202    0.445249    0.409861   21.039036 ^ _1408_/Y (sky130_fd_sc_hd__nor2_4)
                                                         _0698_ (net)
                      0.445269    0.002515   21.041552 ^ _1414_/B1 (sky130_fd_sc_hd__o21a_1)
     1    0.001828    0.058774    0.345128   21.386681 ^ _1414_/X (sky130_fd_sc_hd__o21a_1)
                                                         net131 (net)
                      0.058774    0.000034   21.386713 ^ output131/A (sky130_fd_sc_hd__buf_2)
     1    0.033997    0.270116    0.336938   21.723652 ^ output131/X (sky130_fd_sc_hd__buf_2)
                                                         wbs_dat_o[5] (net)
                      0.270116    0.000641   21.724293 ^ wbs_dat_o[5] (out)
                                             21.724293   data arrival time

                      0.000000    0.000000    0.000000   clock clk (rise edge)
                                  0.000000    0.000000   clock network delay (ideal)
                                  0.250000    0.250000   clock uncertainty
                                  0.000000    0.250000   clock reconvergence pessimism
                                -20.000000  -19.750002   output external delay
                                            -19.750002   data required time
---------------------------------------------------------------------------------------------
                                            -19.750002   data required time
                                            -21.724293   data arrival time
---------------------------------------------------------------------------------------------
                                             41.474297   slack (MET)


Startpoint: wbs_adr_i[4] (input port clocked by clk)
Endpoint: wbs_dat_o[10] (output port clocked by clk)
Path Group: clk
Path Type: min

Fanout         Cap        Slew       Delay        Time   Description
---------------------------------------------------------------------------------------------
                      0.000000    0.000000    0.000000   clock clk (rise edge)
                                  0.000000    0.000000   clock network delay (ideal)
                                 20.000000   20.000000 ^ input external delay
     2    0.004258    0.042089    0.023480   20.023479 ^ wbs_adr_i[4] (in)
                                                         wbs_adr_i[4] (net)
                      0.042089    0.000000   20.023479 ^ input17/A (sky130_fd_sc_hd__clkbuf_1)
     1    0.002346    0.064800    0.131639   20.155119 ^ input17/X (sky130_fd_sc_hd__clkbuf_1)
                                                         net17 (net)
                      0.064800    0.000048   20.155167 ^ _0751_/B (sky130_fd_sc_hd__or3_1)
     4    0.013042    0.199958    0.268603   20.423769 ^ _0751_/X (sky130_fd_sc_hd__or3_1)
                                                         _0096_ (net)
                      0.199958    0.000469   20.424238 ^ _1402_/A (sky130_fd_sc_hd__nor2_1)
     2    0.013205    0.132451    0.204299   20.628538 v _1402_/Y (sky130_fd_sc_hd__nor2_1)
                                                         _0693_ (net)
                      0.132451    0.000638   20.629175 v _1408_/B (sky130_fd_sc_hd__nor2_4)
    12    0.042202    0.445249    0.409861   21.039036 ^ _1408_/Y (sky130_fd_sc_hd__nor2_4)
                                                         _0698_ (net)
                      0.445257    0.001599   21.040634 ^ _1419_/B1 (sky130_fd_sc_hd__o21a_1)
     1    0.001925    0.059989    0.346377   21.387012 ^ _1419_/X (sky130_fd_sc_hd__o21a_1)
                                                         net111 (net)
                      0.059989    0.000037   21.387049 ^ output111/A (sky130_fd_sc_hd__buf_2)
     1    0.034042    0.270451    0.337737   21.724787 ^ output111/X (sky130_fd_sc_hd__buf_2)
                                                         wbs_dat_o[10] (net)
                      0.270451    0.000636   21.725422 ^ wbs_dat_o[10] (out)
                                             21.725422   data arrival time

                      0.000000    0.000000    0.000000   clock clk (rise edge)
                                  0.000000    0.000000   clock network delay (ideal)
                                  0.250000    0.250000   clock uncertainty
                                  0.000000    0.250000   clock reconvergence pessimism
                                -20.000000  -19.750002   output external delay
                                            -19.750002   data required time
---------------------------------------------------------------------------------------------
                                            -19.750002   data required time
                                            -21.725422   data arrival time
---------------------------------------------------------------------------------------------
                                             41.475426   slack (MET)


Startpoint: wbs_adr_i[4] (input port clocked by clk)
Endpoint: wbs_dat_o[11] (output port clocked by clk)
Path Group: clk
Path Type: min

Fanout         Cap        Slew       Delay        Time   Description
---------------------------------------------------------------------------------------------
                      0.000000    0.000000    0.000000   clock clk (rise edge)
                                  0.000000    0.000000   clock network delay (ideal)
                                 20.000000   20.000000 ^ input external delay
     2    0.004258    0.042089    0.023480   20.023479 ^ wbs_adr_i[4] (in)
                                                         wbs_adr_i[4] (net)
                      0.042089    0.000000   20.023479 ^ input17/A (sky130_fd_sc_hd__clkbuf_1)
     1    0.002346    0.064800    0.131639   20.155119 ^ input17/X (sky130_fd_sc_hd__clkbuf_1)
                                                         net17 (net)
                      0.064800    0.000048   20.155167 ^ _0751_/B (sky130_fd_sc_hd__or3_1)
     4    0.013042    0.199958    0.268603   20.423769 ^ _0751_/X (sky130_fd_sc_hd__or3_1)
                                                         _0096_ (net)
                      0.199958    0.000469   20.424238 ^ _1402_/A (sky130_fd_sc_hd__nor2_1)
     2    0.013205    0.132451    0.204299   20.628538 v _1402_/Y (sky130_fd_sc_hd__nor2_1)
                                                         _0693_ (net)
                      0.132451    0.000638   20.629175 v _1408_/B (sky130_fd_sc_hd__nor2_4)
    12    0.042202    0.445249    0.409861   21.039036 ^ _1408_/Y (sky130_fd_sc_hd__nor2_4)
                                                         _0698_ (net)
                      0.445262    0.001984   21.041019 ^ _1420_/B1 (sky130_fd_sc_hd__o21a_1)
     1    0.001967    0.060507    0.346917   21.387938 ^ _1420_/X (sky130_fd_sc_hd__o21a_1)
                                                         net112 (net)
                      0.060507    0.000037   21.387974 ^ output112/A (sky130_fd_sc_hd__buf_2)
     1    0.033950    0.269762    0.337501   21.725475 ^ output112/X (sky130_fd_sc_hd__buf_2)
                                                         wbs_dat_o[11] (net)
                      0.269762    0.000615   21.726089 ^ wbs_dat_o[11] (out)
                                             21.726089   data arrival time

                      0.000000    0.000000    0.000000   clock clk (rise edge)
                                  0.000000    0.000000   clock network delay (ideal)
                                  0.250000    0.250000   clock uncertainty
                                  0.000000    0.250000   clock reconvergence pessimism
                                -20.000000  -19.750002   output external delay
                                            -19.750002   data required time
---------------------------------------------------------------------------------------------
                                            -19.750002   data required time
                                            -21.726089   data arrival time
---------------------------------------------------------------------------------------------
                                             41.476093   slack (MET)


Startpoint: wbs_adr_i[4] (input port clocked by clk)
Endpoint: wbs_dat_o[13] (output port clocked by clk)
Path Group: clk
Path Type: min

Fanout         Cap        Slew       Delay        Time   Description
---------------------------------------------------------------------------------------------
                      0.000000    0.000000    0.000000   clock clk (rise edge)
                                  0.000000    0.000000   clock network delay (ideal)
                                 20.000000   20.000000 ^ input external delay
     2    0.004258    0.042089    0.023480   20.023479 ^ wbs_adr_i[4] (in)
                                                         wbs_adr_i[4] (net)
                      0.042089    0.000000   20.023479 ^ input17/A (sky130_fd_sc_hd__clkbuf_1)
     1    0.002346    0.064800    0.131639   20.155119 ^ input17/X (sky130_fd_sc_hd__clkbuf_1)
                                                         net17 (net)
                      0.064800    0.000048   20.155167 ^ _0751_/B (sky130_fd_sc_hd__or3_1)
     4    0.013042    0.199958    0.268603   20.423769 ^ _0751_/X (sky130_fd_sc_hd__or3_1)
                                                         _0096_ (net)
                      0.199958    0.000469   20.424238 ^ _1402_/A (sky130_fd_sc_hd__nor2_1)
     2    0.013205    0.132451    0.204299   20.628538 v _1402_/Y (sky130_fd_sc_hd__nor2_1)
                                                         _0693_ (net)
                      0.132451    0.000638   20.629175 v _1408_/B (sky130_fd_sc_hd__nor2_4)
    12    0.042202    0.445249    0.409861   21.039036 ^ _1408_/Y (sky130_fd_sc_hd__nor2_4)
                                                         _0698_ (net)
                      0.445266    0.002270   21.041306 ^ _1422_/B1 (sky130_fd_sc_hd__o21a_1)
     1    0.001893    0.059583    0.345967   21.387274 ^ _1422_/X (sky130_fd_sc_hd__o21a_1)
                                                         net114 (net)
                      0.059583    0.000036   21.387308 ^ output114/A (sky130_fd_sc_hd__buf_2)
     1    0.034219    0.271779    0.338433   21.725742 ^ output114/X (sky130_fd_sc_hd__buf_2)
                                                         wbs_dat_o[13] (net)
                      0.271779    0.000718   21.726460 ^ wbs_dat_o[13] (out)
                                             21.726460   data arrival time

                      0.000000    0.000000    0.000000   clock clk (rise edge)
                                  0.000000    0.000000   clock network delay (ideal)
                                  0.250000    0.250000   clock uncertainty
                                  0.000000    0.250000   clock reconvergence pessimism
                                -20.000000  -19.750002   output external delay
                                            -19.750002   data required time
---------------------------------------------------------------------------------------------
                                            -19.750002   data required time
                                            -21.726460   data arrival time
---------------------------------------------------------------------------------------------
                                             41.476463   slack (MET)


Startpoint: wbs_adr_i[4] (input port clocked by clk)
Endpoint: wbs_dat_o[9] (output port clocked by clk)
Path Group: clk
Path Type: min

Fanout         Cap        Slew       Delay        Time   Description
---------------------------------------------------------------------------------------------
                      0.000000    0.000000    0.000000   clock clk (rise edge)
                                  0.000000    0.000000   clock network delay (ideal)
                                 20.000000   20.000000 ^ input external delay
     2    0.004258    0.042089    0.023480   20.023479 ^ wbs_adr_i[4] (in)
                                                         wbs_adr_i[4] (net)
                      0.042089    0.000000   20.023479 ^ input17/A (sky130_fd_sc_hd__clkbuf_1)
     1    0.002346    0.064800    0.131639   20.155119 ^ input17/X (sky130_fd_sc_hd__clkbuf_1)
                                                         net17 (net)
                      0.064800    0.000048   20.155167 ^ _0751_/B (sky130_fd_sc_hd__or3_1)
     4    0.013042    0.199958    0.268603   20.423769 ^ _0751_/X (sky130_fd_sc_hd__or3_1)
                                                         _0096_ (net)
                      0.199958    0.000469   20.424238 ^ _1402_/A (sky130_fd_sc_hd__nor2_1)
     2    0.013205    0.132451    0.204299   20.628538 v _1402_/Y (sky130_fd_sc_hd__nor2_1)
                                                         _0693_ (net)
                      0.132451    0.000638   20.629175 v _1408_/B (sky130_fd_sc_hd__nor2_4)
    12    0.042202    0.445249    0.409861   21.039036 ^ _1408_/Y (sky130_fd_sc_hd__nor2_4)
                                                         _0698_ (net)
                      0.445268    0.002437   21.041473 ^ _1418_/B1 (sky130_fd_sc_hd__o21a_1)
     1    0.001948    0.060258    0.346668   21.388142 ^ _1418_/X (sky130_fd_sc_hd__o21a_1)
                                                         net135 (net)
                      0.060258    0.000037   21.388180 ^ output135/A (sky130_fd_sc_hd__buf_2)
     1    0.034063    0.270608    0.337971   21.726151 ^ output135/X (sky130_fd_sc_hd__buf_2)
                                                         wbs_dat_o[9] (net)
                      0.270608    0.000636   21.726786 ^ wbs_dat_o[9] (out)
                                             21.726786   data arrival time

                      0.000000    0.000000    0.000000   clock clk (rise edge)
                                  0.000000    0.000000   clock network delay (ideal)
                                  0.250000    0.250000   clock uncertainty
                                  0.000000    0.250000   clock reconvergence pessimism
                                -20.000000  -19.750002   output external delay
                                            -19.750002   data required time
---------------------------------------------------------------------------------------------
                                            -19.750002   data required time
                                            -21.726786   data arrival time
---------------------------------------------------------------------------------------------
                                             41.476788   slack (MET)


Startpoint: wbs_adr_i[4] (input port clocked by clk)
Endpoint: wbs_dat_o[6] (output port clocked by clk)
Path Group: clk
Path Type: min

Fanout         Cap        Slew       Delay        Time   Description
---------------------------------------------------------------------------------------------
                      0.000000    0.000000    0.000000   clock clk (rise edge)
                                  0.000000    0.000000   clock network delay (ideal)
                                 20.000000   20.000000 ^ input external delay
     2    0.004258    0.042089    0.023480   20.023479 ^ wbs_adr_i[4] (in)
                                                         wbs_adr_i[4] (net)
                      0.042089    0.000000   20.023479 ^ input17/A (sky130_fd_sc_hd__clkbuf_1)
     1    0.002346    0.064800    0.131639   20.155119 ^ input17/X (sky130_fd_sc_hd__clkbuf_1)
                                                         net17 (net)
                      0.064800    0.000048   20.155167 ^ _0751_/B (sky130_fd_sc_hd__or3_1)
     4    0.013042    0.199958    0.268603   20.423769 ^ _0751_/X (sky130_fd_sc_hd__or3_1)
                                                         _0096_ (net)
                      0.199958    0.000469   20.424238 ^ _1402_/A (sky130_fd_sc_hd__nor2_1)
     2    0.013205    0.132451    0.204299   20.628538 v _1402_/Y (sky130_fd_sc_hd__nor2_1)
                                                         _0693_ (net)
                      0.132451    0.000638   20.629175 v _1408_/B (sky130_fd_sc_hd__nor2_4)
    12    0.042202    0.445249    0.409861   21.039036 ^ _1408_/Y (sky130_fd_sc_hd__nor2_4)
                                                         _0698_ (net)
                      0.445269    0.002471   21.041508 ^ _1415_/B1 (sky130_fd_sc_hd__o21a_1)
     1    0.001948    0.060257    0.346667   21.388174 ^ _1415_/X (sky130_fd_sc_hd__o21a_1)
                                                         net132 (net)
                      0.060257    0.000037   21.388210 ^ output132/A (sky130_fd_sc_hd__buf_2)
     1    0.034219    0.271780    0.338742   21.726954 ^ output132/X (sky130_fd_sc_hd__buf_2)
                                                         wbs_dat_o[6] (net)
                      0.271780    0.000718   21.727671 ^ wbs_dat_o[6] (out)
                                             21.727671   data arrival time

                      0.000000    0.000000    0.000000   clock clk (rise edge)
                                  0.000000    0.000000   clock network delay (ideal)
                                  0.250000    0.250000   clock uncertainty
                                  0.000000    0.250000   clock reconvergence pessimism
                                -20.000000  -19.750002   output external delay
                                            -19.750002   data required time
---------------------------------------------------------------------------------------------
                                            -19.750002   data required time
                                            -21.727671   data arrival time
---------------------------------------------------------------------------------------------
                                             41.477669   slack (MET)


Startpoint: wbs_adr_i[4] (input port clocked by clk)
Endpoint: wbs_dat_o[1] (output port clocked by clk)
Path Group: clk
Path Type: min

Fanout         Cap        Slew       Delay        Time   Description
---------------------------------------------------------------------------------------------
                      0.000000    0.000000    0.000000   clock clk (rise edge)
                                  0.000000    0.000000   clock network delay (ideal)
                                 20.000000   20.000000 ^ input external delay
     2    0.004258    0.042089    0.023480   20.023479 ^ wbs_adr_i[4] (in)
                                                         wbs_adr_i[4] (net)
                      0.042089    0.000000   20.023479 ^ input17/A (sky130_fd_sc_hd__clkbuf_1)
     1    0.002346    0.064800    0.131639   20.155119 ^ input17/X (sky130_fd_sc_hd__clkbuf_1)
                                                         net17 (net)
                      0.064800    0.000048   20.155167 ^ _0751_/B (sky130_fd_sc_hd__or3_1)
     4    0.013042    0.199958    0.268603   20.423769 ^ _0751_/X (sky130_fd_sc_hd__or3_1)
                                                         _0096_ (net)
                      0.199958    0.000469   20.424238 ^ _1402_/A (sky130_fd_sc_hd__nor2_1)
     2    0.013205    0.132451    0.204299   20.628538 v _1402_/Y (sky130_fd_sc_hd__nor2_1)
                                                         _0693_ (net)
                      0.132451    0.000638   20.629175 v _1408_/B (sky130_fd_sc_hd__nor2_4)
    12    0.042202    0.445249    0.409861   21.039036 ^ _1408_/Y (sky130_fd_sc_hd__nor2_4)
                                                         _0698_ (net)
                      0.445270    0.002572   21.041609 ^ _1410_/B1 (sky130_fd_sc_hd__o21a_1)
     1    0.001960    0.060419    0.346828   21.388437 ^ _1410_/X (sky130_fd_sc_hd__o21a_1)
                                                         net119 (net)
                      0.060419    0.000037   21.388474 ^ output119/A (sky130_fd_sc_hd__buf_2)
     1    0.034235    0.271903    0.338895   21.727369 ^ output119/X (sky130_fd_sc_hd__buf_2)
                                                         wbs_dat_o[1] (net)
                      0.271903    0.000728   21.728098 ^ wbs_dat_o[1] (out)
                                             21.728098   data arrival time

                      0.000000    0.000000    0.000000   clock clk (rise edge)
                                  0.000000    0.000000   clock network delay (ideal)
                                  0.250000    0.250000   clock uncertainty
                                  0.000000    0.250000   clock reconvergence pessimism
                                -20.000000  -19.750002   output external delay
                                            -19.750002   data required time
---------------------------------------------------------------------------------------------
                                            -19.750002   data required time
                                            -21.728098   data arrival time
---------------------------------------------------------------------------------------------
                                             41.478096   slack (MET)


Startpoint: wbs_adr_i[4] (input port clocked by clk)
Endpoint: wbs_dat_o[12] (output port clocked by clk)
Path Group: clk
Path Type: min

Fanout         Cap        Slew       Delay        Time   Description
---------------------------------------------------------------------------------------------
                      0.000000    0.000000    0.000000   clock clk (rise edge)
                                  0.000000    0.000000   clock network delay (ideal)
                                 20.000000   20.000000 ^ input external delay
     2    0.004258    0.042089    0.023480   20.023479 ^ wbs_adr_i[4] (in)
                                                         wbs_adr_i[4] (net)
                      0.042089    0.000000   20.023479 ^ input17/A (sky130_fd_sc_hd__clkbuf_1)
     1    0.002346    0.064800    0.131639   20.155119 ^ input17/X (sky130_fd_sc_hd__clkbuf_1)
                                                         net17 (net)
                      0.064800    0.000048   20.155167 ^ _0751_/B (sky130_fd_sc_hd__or3_1)
     4    0.013042    0.199958    0.268603   20.423769 ^ _0751_/X (sky130_fd_sc_hd__or3_1)
                                                         _0096_ (net)
                      0.199958    0.000469   20.424238 ^ _1402_/A (sky130_fd_sc_hd__nor2_1)
     2    0.013205    0.132451    0.204299   20.628538 v _1402_/Y (sky130_fd_sc_hd__nor2_1)
                                                         _0693_ (net)
                      0.132451    0.000638   20.629175 v _1408_/B (sky130_fd_sc_hd__nor2_4)
    12    0.042202    0.445249    0.409861   21.039036 ^ _1408_/Y (sky130_fd_sc_hd__nor2_4)
                                                         _0698_ (net)
                      0.445266    0.002313   21.041349 ^ _1421_/B1 (sky130_fd_sc_hd__o21a_1)
     1    0.002134    0.062556    0.349043   21.390392 ^ _1421_/X (sky130_fd_sc_hd__o21a_1)
                                                         net113 (net)
                      0.062556    0.000062   21.390455 ^ output113/A (sky130_fd_sc_hd__buf_2)
     1    0.034300    0.272376    0.340247   21.730701 ^ output113/X (sky130_fd_sc_hd__buf_2)
                                                         wbs_dat_o[12] (net)
                      0.272376    0.000682   21.731384 ^ wbs_dat_o[12] (out)
                                             21.731384   data arrival time

                      0.000000    0.000000    0.000000   clock clk (rise edge)
                                  0.000000    0.000000   clock network delay (ideal)
                                  0.250000    0.250000   clock uncertainty
                                  0.000000    0.250000   clock reconvergence pessimism
                                -20.000000  -19.750002   output external delay
                                            -19.750002   data required time
---------------------------------------------------------------------------------------------
                                            -19.750002   data required time
                                            -21.731384   data arrival time
---------------------------------------------------------------------------------------------
                                             41.481388   slack (MET)


Startpoint: wbs_adr_i[4] (input port clocked by clk)
Endpoint: wbs_dat_o[7] (output port clocked by clk)
Path Group: clk
Path Type: min

Fanout         Cap        Slew       Delay        Time   Description
---------------------------------------------------------------------------------------------
                      0.000000    0.000000    0.000000   clock clk (rise edge)
                                  0.000000    0.000000   clock network delay (ideal)
                                 20.000000   20.000000 ^ input external delay
     2    0.004258    0.042089    0.023480   20.023479 ^ wbs_adr_i[4] (in)
                                                         wbs_adr_i[4] (net)
                      0.042089    0.000000   20.023479 ^ input17/A (sky130_fd_sc_hd__clkbuf_1)
     1    0.002346    0.064800    0.131639   20.155119 ^ input17/X (sky130_fd_sc_hd__clkbuf_1)
                                                         net17 (net)
                      0.064800    0.000048   20.155167 ^ _0751_/B (sky130_fd_sc_hd__or3_1)
     4    0.013042    0.199958    0.268603   20.423769 ^ _0751_/X (sky130_fd_sc_hd__or3_1)
                                                         _0096_ (net)
                      0.199958    0.000469   20.424238 ^ _1402_/A (sky130_fd_sc_hd__nor2_1)
     2    0.013205    0.132451    0.204299   20.628538 v _1402_/Y (sky130_fd_sc_hd__nor2_1)
                                                         _0693_ (net)
                      0.132451    0.000638   20.629175 v _1408_/B (sky130_fd_sc_hd__nor2_4)
    12    0.042202    0.445249    0.409861   21.039036 ^ _1408_/Y (sky130_fd_sc_hd__nor2_4)
                                                         _0698_ (net)
                      0.445254    0.001249   21.040285 ^ _1416_/B1 (sky130_fd_sc_hd__o21a_1)
     1    0.002224    0.063683    0.350202   21.390486 ^ _1416_/X (sky130_fd_sc_hd__o21a_1)
                                                         net133 (net)
                      0.063683    0.000064   21.390551 ^ output133/A (sky130_fd_sc_hd__buf_2)
     1    0.034229    0.271859    0.340357   21.730907 ^ output133/X (sky130_fd_sc_hd__buf_2)
                                                         wbs_dat_o[7] (net)
                      0.271859    0.000728   21.731636 ^ wbs_dat_o[7] (out)
                                             21.731636   data arrival time

                      0.000000    0.000000    0.000000   clock clk (rise edge)
                                  0.000000    0.000000   clock network delay (ideal)
                                  0.250000    0.250000   clock uncertainty
                                  0.000000    0.250000   clock reconvergence pessimism
                                -20.000000  -19.750002   output external delay
                                            -19.750002   data required time
---------------------------------------------------------------------------------------------
                                            -19.750002   data required time
                                            -21.731636   data arrival time
---------------------------------------------------------------------------------------------
                                             41.481636   slack (MET)


Startpoint: wbs_adr_i[4] (input port clocked by clk)
Endpoint: wbs_dat_o[2] (output port clocked by clk)
Path Group: clk
Path Type: min

Fanout         Cap        Slew       Delay        Time   Description
---------------------------------------------------------------------------------------------
                      0.000000    0.000000    0.000000   clock clk (rise edge)
                                  0.000000    0.000000   clock network delay (ideal)
                                 20.000000   20.000000 ^ input external delay
     2    0.004258    0.042089    0.023480   20.023479 ^ wbs_adr_i[4] (in)
                                                         wbs_adr_i[4] (net)
                      0.042089    0.000000   20.023479 ^ input17/A (sky130_fd_sc_hd__clkbuf_1)
     1    0.002346    0.064800    0.131639   20.155119 ^ input17/X (sky130_fd_sc_hd__clkbuf_1)
                                                         net17 (net)
                      0.064800    0.000048   20.155167 ^ _0751_/B (sky130_fd_sc_hd__or3_1)
     4    0.013042    0.199958    0.268603   20.423769 ^ _0751_/X (sky130_fd_sc_hd__or3_1)
                                                         _0096_ (net)
                      0.199958    0.000469   20.424238 ^ _1402_/A (sky130_fd_sc_hd__nor2_1)
     2    0.013205    0.132451    0.204299   20.628538 v _1402_/Y (sky130_fd_sc_hd__nor2_1)
                                                         _0693_ (net)
                      0.132451    0.000638   20.629175 v _1408_/B (sky130_fd_sc_hd__nor2_4)
    12    0.042202    0.445249    0.409861   21.039036 ^ _1408_/Y (sky130_fd_sc_hd__nor2_4)
                                                         _0698_ (net)
                      0.445271    0.002583   21.041618 ^ _1411_/B1 (sky130_fd_sc_hd__o21a_1)
     1    0.002848    0.071502    0.358197   21.399817 ^ _1411_/X (sky130_fd_sc_hd__o21a_1)
                                                         net126 (net)
                      0.071502    0.000082   21.399897 ^ output126/A (sky130_fd_sc_hd__buf_2)
     1    0.034116    0.271015    0.343405   21.743303 ^ output126/X (sky130_fd_sc_hd__buf_2)
                                                         wbs_dat_o[2] (net)
                      0.271015    0.000636   21.743938 ^ wbs_dat_o[2] (out)
                                             21.743938   data arrival time

                      0.000000    0.000000    0.000000   clock clk (rise edge)
                                  0.000000    0.000000   clock network delay (ideal)
                                  0.250000    0.250000   clock uncertainty
                                  0.000000    0.250000   clock reconvergence pessimism
                                -20.000000  -19.750002   output external delay
                                            -19.750002   data required time
---------------------------------------------------------------------------------------------
                                            -19.750002   data required time
                                            -21.743938   data arrival time
---------------------------------------------------------------------------------------------
                                             41.493942   slack (MET)


Startpoint: wbs_adr_i[4] (input port clocked by clk)
Endpoint: wbs_dat_o[3] (output port clocked by clk)
Path Group: clk
Path Type: min

Fanout         Cap        Slew       Delay        Time   Description
---------------------------------------------------------------------------------------------
                      0.000000    0.000000    0.000000   clock clk (rise edge)
                                  0.000000    0.000000   clock network delay (ideal)
                                 20.000000   20.000000 ^ input external delay
     2    0.004258    0.042089    0.023480   20.023479 ^ wbs_adr_i[4] (in)
                                                         wbs_adr_i[4] (net)
                      0.042089    0.000000   20.023479 ^ input17/A (sky130_fd_sc_hd__clkbuf_1)
     1    0.002346    0.064800    0.131639   20.155119 ^ input17/X (sky130_fd_sc_hd__clkbuf_1)
                                                         net17 (net)
                      0.064800    0.000048   20.155167 ^ _0751_/B (sky130_fd_sc_hd__or3_1)
     4    0.013042    0.199958    0.268603   20.423769 ^ _0751_/X (sky130_fd_sc_hd__or3_1)
                                                         _0096_ (net)
                      0.199958    0.000469   20.424238 ^ _1402_/A (sky130_fd_sc_hd__nor2_1)
     2    0.013205    0.132451    0.204299   20.628538 v _1402_/Y (sky130_fd_sc_hd__nor2_1)
                                                         _0693_ (net)
                      0.132451    0.000638   20.629175 v _1408_/B (sky130_fd_sc_hd__nor2_4)
    12    0.042202    0.445249    0.409861   21.039036 ^ _1408_/Y (sky130_fd_sc_hd__nor2_4)
                                                         _0698_ (net)
                      0.445270    0.002567   21.041603 ^ _1412_/B1 (sky130_fd_sc_hd__o21a_1)
     1    0.003503    0.080080    0.366587   21.408190 ^ _1412_/X (sky130_fd_sc_hd__o21a_1)
                                                         net129 (net)
                      0.080080    0.000121   21.408310 ^ output129/A (sky130_fd_sc_hd__buf_2)
     1    0.034239    0.271957    0.347931   21.756243 ^ output129/X (sky130_fd_sc_hd__buf_2)
                                                         wbs_dat_o[3] (net)
                      0.271957    0.000728   21.756969 ^ wbs_dat_o[3] (out)
                                             21.756969   data arrival time

                      0.000000    0.000000    0.000000   clock clk (rise edge)
                                  0.000000    0.000000   clock network delay (ideal)
                                  0.250000    0.250000   clock uncertainty
                                  0.000000    0.250000   clock reconvergence pessimism
                                -20.000000  -19.750002   output external delay
                                            -19.750002   data required time
---------------------------------------------------------------------------------------------
                                            -19.750002   data required time
                                            -21.756969   data arrival time
---------------------------------------------------------------------------------------------
                                             41.506973   slack (MET)


Startpoint: wbs_adr_i[10] (input port clocked by clk)
Endpoint: wbs_dat_o[8] (output port clocked by clk)
Path Group: clk
Path Type: min

Fanout         Cap        Slew       Delay        Time   Description
---------------------------------------------------------------------------------------------
                      0.000000    0.000000    0.000000   clock clk (rise edge)
                                  0.000000    0.000000   clock network delay (ideal)
                                 20.000000   20.000000 ^ input external delay
     2    0.004009    0.040383    0.022165   20.022165 ^ wbs_adr_i[10] (in)
                                                         wbs_adr_i[10] (net)
                      0.040383    0.000000   20.022165 ^ input8/A (sky130_fd_sc_hd__clkbuf_1)
     2    0.005438    0.118753    0.171809   20.193975 ^ input8/X (sky130_fd_sc_hd__clkbuf_1)
                                                         net8 (net)
                      0.118753    0.000075   20.194050 ^ _0748_/D (sky130_fd_sc_hd__or4_1)
     1    0.004145    0.079820    0.203595   20.397646 ^ _0748_/X (sky130_fd_sc_hd__or4_1)
                                                         _0093_ (net)
                      0.079820    0.000153   20.397799 ^ _0749_/B (sky130_fd_sc_hd__or2_1)
     2    0.011212    0.180215    0.250058   20.647856 ^ _0749_/X (sky130_fd_sc_hd__or2_1)
                                                         _0094_ (net)
                      0.180215    0.000409   20.648264 ^ _0758_/A (sky130_fd_sc_hd__or2_1)
     2    0.014706    0.229150    0.334488   20.982752 ^ _0758_/X (sky130_fd_sc_hd__or2_1)
                                                         _0102_ (net)
                      0.229150    0.000561   20.983313 ^ fanout149/A (sky130_fd_sc_hd__buf_2)
    10    0.042842    0.336413    0.462384   21.445698 ^ fanout149/X (sky130_fd_sc_hd__buf_2)
                                                         net149 (net)
                      0.336423    0.002258   21.447954 ^ _1417_/B (sky130_fd_sc_hd__nor2_1)
     1    0.002237    0.048760    0.148003   21.595957 v _1417_/Y (sky130_fd_sc_hd__nor2_1)
                                                         net134 (net)
                      0.048760    0.000064   21.596022 v output134/A (sky130_fd_sc_hd__buf_2)
     1    0.034221    0.165845    0.334643   21.930664 v output134/X (sky130_fd_sc_hd__buf_2)
                                                         wbs_dat_o[8] (net)
                      0.165846    0.000728   21.931393 v wbs_dat_o[8] (out)
                                             21.931393   data arrival time

                      0.000000    0.000000    0.000000   clock clk (rise edge)
                                  0.000000    0.000000   clock network delay (ideal)
                                  0.250000    0.250000   clock uncertainty
                                  0.000000    0.250000   clock reconvergence pessimism
                                -20.000000  -19.750002   output external delay
                                            -19.750002   data required time
---------------------------------------------------------------------------------------------
                                            -19.750002   data required time
                                            -21.931393   data arrival time
---------------------------------------------------------------------------------------------
                                             41.681393   slack (MET)


Startpoint: wbs_adr_i[10] (input port clocked by clk)
Endpoint: wbs_dat_o[4] (output port clocked by clk)
Path Group: clk
Path Type: min

Fanout         Cap        Slew       Delay        Time   Description
---------------------------------------------------------------------------------------------
                      0.000000    0.000000    0.000000   clock clk (rise edge)
                                  0.000000    0.000000   clock network delay (ideal)
                                 20.000000   20.000000 ^ input external delay
     2    0.004009    0.040383    0.022165   20.022165 ^ wbs_adr_i[10] (in)
                                                         wbs_adr_i[10] (net)
                      0.040383    0.000000   20.022165 ^ input8/A (sky130_fd_sc_hd__clkbuf_1)
     2    0.005438    0.118753    0.171809   20.193975 ^ input8/X (sky130_fd_sc_hd__clkbuf_1)
                                                         net8 (net)
                      0.118753    0.000075   20.194050 ^ _0748_/D (sky130_fd_sc_hd__or4_1)
     1    0.004145    0.079820    0.203595   20.397646 ^ _0748_/X (sky130_fd_sc_hd__or4_1)
                                                         _0093_ (net)
                      0.079820    0.000153   20.397799 ^ _0749_/B (sky130_fd_sc_hd__or2_1)
     2    0.011212    0.180215    0.250058   20.647856 ^ _0749_/X (sky130_fd_sc_hd__or2_1)
                                                         _0094_ (net)
                      0.180215    0.000409   20.648264 ^ _0758_/A (sky130_fd_sc_hd__or2_1)
     2    0.014706    0.229150    0.334488   20.982752 ^ _0758_/X (sky130_fd_sc_hd__or2_1)
                                                         _0102_ (net)
                      0.229150    0.000561   20.983313 ^ fanout149/A (sky130_fd_sc_hd__buf_2)
    10    0.042842    0.336413    0.462384   21.445698 ^ fanout149/X (sky130_fd_sc_hd__buf_2)
                                                         net149 (net)
                      0.336413    0.001254   21.446951 ^ _1413_/B (sky130_fd_sc_hd__nor2_1)
     1    0.002226    0.058528    0.147839   21.594791 v _1413_/Y (sky130_fd_sc_hd__nor2_1)
                                                         net130 (net)
                      0.058531    0.000064   21.594854 v output130/A (sky130_fd_sc_hd__buf_2)
     1    0.034204    0.165730    0.339075   21.933929 v output130/X (sky130_fd_sc_hd__buf_2)
                                                         wbs_dat_o[4] (net)
                      0.165731    0.000718   21.934647 v wbs_dat_o[4] (out)
                                             21.934647   data arrival time

                      0.000000    0.000000    0.000000   clock clk (rise edge)
                                  0.000000    0.000000   clock network delay (ideal)
                                  0.250000    0.250000   clock uncertainty
                                  0.000000    0.250000   clock reconvergence pessimism
                                -20.000000  -19.750002   output external delay
                                            -19.750002   data required time
---------------------------------------------------------------------------------------------
                                            -19.750002   data required time
                                            -21.934647   data arrival time
---------------------------------------------------------------------------------------------
                                             41.684647   slack (MET)


Startpoint: wbs_adr_i[4] (input port clocked by clk)
Endpoint: wbs_dat_o[31] (output port clocked by clk)
Path Group: clk
Path Type: min

Fanout         Cap        Slew       Delay        Time   Description
---------------------------------------------------------------------------------------------
                      0.000000    0.000000    0.000000   clock clk (rise edge)
                                  0.000000    0.000000   clock network delay (ideal)
                                 20.000000   20.000000 ^ input external delay
     2    0.004258    0.042089    0.023480   20.023479 ^ wbs_adr_i[4] (in)
                                                         wbs_adr_i[4] (net)
                      0.042089    0.000000   20.023479 ^ input17/A (sky130_fd_sc_hd__clkbuf_1)
     1    0.002346    0.064800    0.131639   20.155119 ^ input17/X (sky130_fd_sc_hd__clkbuf_1)
                                                         net17 (net)
                      0.064800    0.000048   20.155167 ^ _0751_/B (sky130_fd_sc_hd__or3_1)
     4    0.013042    0.199958    0.268603   20.423769 ^ _0751_/X (sky130_fd_sc_hd__or3_1)
                                                         _0096_ (net)
                      0.199958    0.000469   20.424238 ^ _1402_/A (sky130_fd_sc_hd__nor2_1)
     2    0.013205    0.132451    0.204299   20.628538 v _1402_/Y (sky130_fd_sc_hd__nor2_1)
                                                         _0693_ (net)
                      0.132451    0.000638   20.629175 v _1408_/B (sky130_fd_sc_hd__nor2_4)
    12    0.042202    0.445249    0.409861   21.039036 ^ _1408_/Y (sky130_fd_sc_hd__nor2_4)
                                                         _0698_ (net)
                      0.445251    0.000853   21.039888 ^ _1409_/B (sky130_fd_sc_hd__and2_1)
     6    0.035217    0.548284    0.704139   21.744028 ^ _1409_/X (sky130_fd_sc_hd__and2_1)
                                                         net128 (net)
                      0.548284    0.000581   21.744608 ^ output128/A (sky130_fd_sc_hd__buf_2)
     1    0.034176    0.273284    0.540970   22.285578 ^ output128/X (sky130_fd_sc_hd__buf_2)
                                                         wbs_dat_o[31] (net)
                      0.273284    0.000707   22.286285 ^ wbs_dat_o[31] (out)
                                             22.286285   data arrival time

                      0.000000    0.000000    0.000000   clock clk (rise edge)
                                  0.000000    0.000000   clock network delay (ideal)
                                  0.250000    0.250000   clock uncertainty
                                  0.000000    0.250000   clock reconvergence pessimism
                                -20.000000  -19.750002   output external delay
                                            -19.750002   data required time
---------------------------------------------------------------------------------------------
                                            -19.750002   data required time
                                            -22.286285   data arrival time
---------------------------------------------------------------------------------------------
                                             42.036285   slack (MET)


Startpoint: wbs_adr_i[4] (input port clocked by clk)
Endpoint: wbs_dat_o[30] (output port clocked by clk)
Path Group: clk
Path Type: min

Fanout         Cap        Slew       Delay        Time   Description
---------------------------------------------------------------------------------------------
                      0.000000    0.000000    0.000000   clock clk (rise edge)
                                  0.000000    0.000000   clock network delay (ideal)
                                 20.000000   20.000000 ^ input external delay
     2    0.004258    0.042089    0.023480   20.023479 ^ wbs_adr_i[4] (in)
                                                         wbs_adr_i[4] (net)
                      0.042089    0.000000   20.023479 ^ input17/A (sky130_fd_sc_hd__clkbuf_1)
     1    0.002346    0.064800    0.131639   20.155119 ^ input17/X (sky130_fd_sc_hd__clkbuf_1)
                                                         net17 (net)
                      0.064800    0.000048   20.155167 ^ _0751_/B (sky130_fd_sc_hd__or3_1)
     4    0.013042    0.199958    0.268603   20.423769 ^ _0751_/X (sky130_fd_sc_hd__or3_1)
                                                         _0096_ (net)
                      0.199958    0.000469   20.424238 ^ _1402_/A (sky130_fd_sc_hd__nor2_1)
     2    0.013205    0.132451    0.204299   20.628538 v _1402_/Y (sky130_fd_sc_hd__nor2_1)
                                                         _0693_ (net)
                      0.132451    0.000638   20.629175 v _1408_/B (sky130_fd_sc_hd__nor2_4)
    12    0.042202    0.445249    0.409861   21.039036 ^ _1408_/Y (sky130_fd_sc_hd__nor2_4)
                                                         _0698_ (net)
                      0.445251    0.000853   21.039888 ^ _1409_/B (sky130_fd_sc_hd__and2_1)
     6    0.035217    0.548284    0.704139   21.744028 ^ _1409_/X (sky130_fd_sc_hd__and2_1)
                                                         net128 (net)
                      0.548284    0.001544   21.745571 ^ _1786_/A (sky130_fd_sc_hd__clkbuf_1)
     1    0.002841    0.078668    0.304070   22.049641 ^ _1786_/X (sky130_fd_sc_hd__clkbuf_1)
                                                         net127 (net)
                      0.078668    0.000085   22.049726 ^ output127/A (sky130_fd_sc_hd__buf_2)
     1    0.034219    0.271808    0.347182   22.396908 ^ output127/X (sky130_fd_sc_hd__buf_2)
                                                         wbs_dat_o[30] (net)
                      0.271808    0.000718   22.397625 ^ wbs_dat_o[30] (out)
                                             22.397625   data arrival time

                      0.000000    0.000000    0.000000   clock clk (rise edge)
                                  0.000000    0.000000   clock network delay (ideal)
                                  0.250000    0.250000   clock uncertainty
                                  0.000000    0.250000   clock reconvergence pessimism
                                -20.000000  -19.750002   output external delay
                                            -19.750002   data required time
---------------------------------------------------------------------------------------------
                                            -19.750002   data required time
                                            -22.397625   data arrival time
---------------------------------------------------------------------------------------------
                                             42.147629   slack (MET)


Startpoint: wbs_adr_i[4] (input port clocked by clk)
Endpoint: wbs_dat_o[28] (output port clocked by clk)
Path Group: clk
Path Type: min

Fanout         Cap        Slew       Delay        Time   Description
---------------------------------------------------------------------------------------------
                      0.000000    0.000000    0.000000   clock clk (rise edge)
                                  0.000000    0.000000   clock network delay (ideal)
                                 20.000000   20.000000 ^ input external delay
     2    0.004258    0.042089    0.023480   20.023479 ^ wbs_adr_i[4] (in)
                                                         wbs_adr_i[4] (net)
                      0.042089    0.000000   20.023479 ^ input17/A (sky130_fd_sc_hd__clkbuf_1)
     1    0.002346    0.064800    0.131639   20.155119 ^ input17/X (sky130_fd_sc_hd__clkbuf_1)
                                                         net17 (net)
                      0.064800    0.000048   20.155167 ^ _0751_/B (sky130_fd_sc_hd__or3_1)
     4    0.013042    0.199958    0.268603   20.423769 ^ _0751_/X (sky130_fd_sc_hd__or3_1)
                                                         _0096_ (net)
                      0.199958    0.000469   20.424238 ^ _1402_/A (sky130_fd_sc_hd__nor2_1)
     2    0.013205    0.132451    0.204299   20.628538 v _1402_/Y (sky130_fd_sc_hd__nor2_1)
                                                         _0693_ (net)
                      0.132451    0.000638   20.629175 v _1408_/B (sky130_fd_sc_hd__nor2_4)
    12    0.042202    0.445249    0.409861   21.039036 ^ _1408_/Y (sky130_fd_sc_hd__nor2_4)
                                                         _0698_ (net)
                      0.445251    0.000853   21.039888 ^ _1409_/B (sky130_fd_sc_hd__and2_1)
     6    0.035217    0.548284    0.704139   21.744028 ^ _1409_/X (sky130_fd_sc_hd__and2_1)
                                                         net128 (net)
                      0.548284    0.001380   21.745407 ^ fanout147/A (sky130_fd_sc_hd__clkbuf_2)
    10    0.026187    0.232053    0.501419   22.246828 ^ fanout147/X (sky130_fd_sc_hd__clkbuf_2)
                                                         net147 (net)
                      0.232053    0.000542   22.247370 ^ _1784_/A (sky130_fd_sc_hd__clkbuf_1)
     1    0.001893    0.058949    0.204002   22.451370 ^ _1784_/X (sky130_fd_sc_hd__clkbuf_1)
                                                         net125 (net)
                      0.058949    0.000036   22.451406 ^ output125/A (sky130_fd_sc_hd__buf_2)
     1    0.034353    0.272780    0.338815   22.790222 ^ output125/X (sky130_fd_sc_hd__buf_2)
                                                         wbs_dat_o[28] (net)
                      0.272780    0.000767   22.790989 ^ wbs_dat_o[28] (out)
                                             22.790989   data arrival time

                      0.000000    0.000000    0.000000   clock clk (rise edge)
                                  0.000000    0.000000   clock network delay (ideal)
                                  0.250000    0.250000   clock uncertainty
                                  0.000000    0.250000   clock reconvergence pessimism
                                -20.000000  -19.750002   output external delay
                                            -19.750002   data required time
---------------------------------------------------------------------------------------------
                                            -19.750002   data required time
                                            -22.790989   data arrival time
---------------------------------------------------------------------------------------------
                                             42.540989   slack (MET)


Startpoint: wbs_adr_i[4] (input port clocked by clk)
Endpoint: wbs_dat_o[25] (output port clocked by clk)
Path Group: clk
Path Type: min

Fanout         Cap        Slew       Delay        Time   Description
---------------------------------------------------------------------------------------------
                      0.000000    0.000000    0.000000   clock clk (rise edge)
                                  0.000000    0.000000   clock network delay (ideal)
                                 20.000000   20.000000 ^ input external delay
     2    0.004258    0.042089    0.023480   20.023479 ^ wbs_adr_i[4] (in)
                                                         wbs_adr_i[4] (net)
                      0.042089    0.000000   20.023479 ^ input17/A (sky130_fd_sc_hd__clkbuf_1)
     1    0.002346    0.064800    0.131639   20.155119 ^ input17/X (sky130_fd_sc_hd__clkbuf_1)
                                                         net17 (net)
                      0.064800    0.000048   20.155167 ^ _0751_/B (sky130_fd_sc_hd__or3_1)
     4    0.013042    0.199958    0.268603   20.423769 ^ _0751_/X (sky130_fd_sc_hd__or3_1)
                                                         _0096_ (net)
                      0.199958    0.000469   20.424238 ^ _1402_/A (sky130_fd_sc_hd__nor2_1)
     2    0.013205    0.132451    0.204299   20.628538 v _1402_/Y (sky130_fd_sc_hd__nor2_1)
                                                         _0693_ (net)
                      0.132451    0.000638   20.629175 v _1408_/B (sky130_fd_sc_hd__nor2_4)
    12    0.042202    0.445249    0.409861   21.039036 ^ _1408_/Y (sky130_fd_sc_hd__nor2_4)
                                                         _0698_ (net)
                      0.445251    0.000853   21.039888 ^ _1409_/B (sky130_fd_sc_hd__and2_1)
     6    0.035217    0.548284    0.704139   21.744028 ^ _1409_/X (sky130_fd_sc_hd__and2_1)
                                                         net128 (net)
                      0.548284    0.001380   21.745407 ^ fanout147/A (sky130_fd_sc_hd__clkbuf_2)
    10    0.026187    0.232053    0.501419   22.246828 ^ fanout147/X (sky130_fd_sc_hd__clkbuf_2)
                                                         net147 (net)
                      0.232053    0.000874   22.247702 ^ _1781_/A (sky130_fd_sc_hd__clkbuf_1)
     1    0.002089    0.062085    0.206668   22.454370 ^ _1781_/X (sky130_fd_sc_hd__clkbuf_1)
                                                         net122 (net)
                      0.062085    0.000041   22.454411 ^ output122/A (sky130_fd_sc_hd__buf_2)
     1    0.034114    0.270997    0.339027   22.793438 ^ output122/X (sky130_fd_sc_hd__buf_2)
                                                         wbs_dat_o[25] (net)
                      0.270997    0.000705   22.794142 ^ wbs_dat_o[25] (out)
                                             22.794142   data arrival time

                      0.000000    0.000000    0.000000   clock clk (rise edge)
                                  0.000000    0.000000   clock network delay (ideal)
                                  0.250000    0.250000   clock uncertainty
                                  0.000000    0.250000   clock reconvergence pessimism
                                -20.000000  -19.750002   output external delay
                                            -19.750002   data required time
---------------------------------------------------------------------------------------------
                                            -19.750002   data required time
                                            -22.794142   data arrival time
---------------------------------------------------------------------------------------------
                                             42.544144   slack (MET)


Startpoint: wbs_adr_i[4] (input port clocked by clk)
Endpoint: wbs_dat_o[23] (output port clocked by clk)
Path Group: clk
Path Type: min

Fanout         Cap        Slew       Delay        Time   Description
---------------------------------------------------------------------------------------------
                      0.000000    0.000000    0.000000   clock clk (rise edge)
                                  0.000000    0.000000   clock network delay (ideal)
                                 20.000000   20.000000 ^ input external delay
     2    0.004258    0.042089    0.023480   20.023479 ^ wbs_adr_i[4] (in)
                                                         wbs_adr_i[4] (net)
                      0.042089    0.000000   20.023479 ^ input17/A (sky130_fd_sc_hd__clkbuf_1)
     1    0.002346    0.064800    0.131639   20.155119 ^ input17/X (sky130_fd_sc_hd__clkbuf_1)
                                                         net17 (net)
                      0.064800    0.000048   20.155167 ^ _0751_/B (sky130_fd_sc_hd__or3_1)
     4    0.013042    0.199958    0.268603   20.423769 ^ _0751_/X (sky130_fd_sc_hd__or3_1)
                                                         _0096_ (net)
                      0.199958    0.000469   20.424238 ^ _1402_/A (sky130_fd_sc_hd__nor2_1)
     2    0.013205    0.132451    0.204299   20.628538 v _1402_/Y (sky130_fd_sc_hd__nor2_1)
                                                         _0693_ (net)
                      0.132451    0.000638   20.629175 v _1408_/B (sky130_fd_sc_hd__nor2_4)
    12    0.042202    0.445249    0.409861   21.039036 ^ _1408_/Y (sky130_fd_sc_hd__nor2_4)
                                                         _0698_ (net)
                      0.445251    0.000853   21.039888 ^ _1409_/B (sky130_fd_sc_hd__and2_1)
     6    0.035217    0.548284    0.704139   21.744028 ^ _1409_/X (sky130_fd_sc_hd__and2_1)
                                                         net128 (net)
                      0.548284    0.001380   21.745407 ^ fanout147/A (sky130_fd_sc_hd__clkbuf_2)
    10    0.026187    0.232053    0.501419   22.246828 ^ fanout147/X (sky130_fd_sc_hd__clkbuf_2)
                                                         net147 (net)
                      0.232053    0.000858   22.247684 ^ _1779_/A (sky130_fd_sc_hd__clkbuf_1)
     1    0.002089    0.062085    0.206668   22.454353 ^ _1779_/X (sky130_fd_sc_hd__clkbuf_1)
                                                         net121 (net)
                      0.062085    0.000041   22.454395 ^ output121/A (sky130_fd_sc_hd__buf_2)
     1    0.034219    0.271780    0.339577   22.793972 ^ output121/X (sky130_fd_sc_hd__buf_2)
                                                         wbs_dat_o[23] (net)
                      0.271780    0.000718   22.794689 ^ wbs_dat_o[23] (out)
                                             22.794689   data arrival time

                      0.000000    0.000000    0.000000   clock clk (rise edge)
                                  0.000000    0.000000   clock network delay (ideal)
                                  0.250000    0.250000   clock uncertainty
                                  0.000000    0.250000   clock reconvergence pessimism
                                -20.000000  -19.750002   output external delay
                                            -19.750002   data required time
---------------------------------------------------------------------------------------------
                                            -19.750002   data required time
                                            -22.794689   data arrival time
---------------------------------------------------------------------------------------------
                                             42.544693   slack (MET)


Startpoint: wbs_adr_i[4] (input port clocked by clk)
Endpoint: wbs_dat_o[19] (output port clocked by clk)
Path Group: clk
Path Type: min

Fanout         Cap        Slew       Delay        Time   Description
---------------------------------------------------------------------------------------------
                      0.000000    0.000000    0.000000   clock clk (rise edge)
                                  0.000000    0.000000   clock network delay (ideal)
                                 20.000000   20.000000 ^ input external delay
     2    0.004258    0.042089    0.023480   20.023479 ^ wbs_adr_i[4] (in)
                                                         wbs_adr_i[4] (net)
                      0.042089    0.000000   20.023479 ^ input17/A (sky130_fd_sc_hd__clkbuf_1)
     1    0.002346    0.064800    0.131639   20.155119 ^ input17/X (sky130_fd_sc_hd__clkbuf_1)
                                                         net17 (net)
                      0.064800    0.000048   20.155167 ^ _0751_/B (sky130_fd_sc_hd__or3_1)
     4    0.013042    0.199958    0.268603   20.423769 ^ _0751_/X (sky130_fd_sc_hd__or3_1)
                                                         _0096_ (net)
                      0.199958    0.000469   20.424238 ^ _1402_/A (sky130_fd_sc_hd__nor2_1)
     2    0.013205    0.132451    0.204299   20.628538 v _1402_/Y (sky130_fd_sc_hd__nor2_1)
                                                         _0693_ (net)
                      0.132451    0.000638   20.629175 v _1408_/B (sky130_fd_sc_hd__nor2_4)
    12    0.042202    0.445249    0.409861   21.039036 ^ _1408_/Y (sky130_fd_sc_hd__nor2_4)
                                                         _0698_ (net)
                      0.445251    0.000853   21.039888 ^ _1409_/B (sky130_fd_sc_hd__and2_1)
     6    0.035217    0.548284    0.704139   21.744028 ^ _1409_/X (sky130_fd_sc_hd__and2_1)
                                                         net128 (net)
                      0.548284    0.001380   21.745407 ^ fanout147/A (sky130_fd_sc_hd__clkbuf_2)
    10    0.026187    0.232053    0.501419   22.246828 ^ fanout147/X (sky130_fd_sc_hd__clkbuf_2)
                                                         net147 (net)
                      0.232053    0.000719   22.247547 ^ _1775_/A (sky130_fd_sc_hd__clkbuf_1)
     1    0.002122    0.062617    0.207121   22.454668 ^ _1775_/X (sky130_fd_sc_hd__clkbuf_1)
                                                         net118 (net)
                      0.062617    0.000041   22.454708 ^ output118/A (sky130_fd_sc_hd__buf_2)
     1    0.034204    0.271670    0.339742   22.794451 ^ output118/X (sky130_fd_sc_hd__buf_2)
                                                         wbs_dat_o[19] (net)
                      0.271670    0.000718   22.795170 ^ wbs_dat_o[19] (out)
                                             22.795170   data arrival time

                      0.000000    0.000000    0.000000   clock clk (rise edge)
                                  0.000000    0.000000   clock network delay (ideal)
                                  0.250000    0.250000   clock uncertainty
                                  0.000000    0.250000   clock reconvergence pessimism
                                -20.000000  -19.750002   output external delay
                                            -19.750002   data required time
---------------------------------------------------------------------------------------------
                                            -19.750002   data required time
                                            -22.795170   data arrival time
---------------------------------------------------------------------------------------------
                                             42.545170   slack (MET)


Startpoint: wbs_adr_i[4] (input port clocked by clk)
Endpoint: wbs_dat_o[21] (output port clocked by clk)
Path Group: clk
Path Type: min

Fanout         Cap        Slew       Delay        Time   Description
---------------------------------------------------------------------------------------------
                      0.000000    0.000000    0.000000   clock clk (rise edge)
                                  0.000000    0.000000   clock network delay (ideal)
                                 20.000000   20.000000 ^ input external delay
     2    0.004258    0.042089    0.023480   20.023479 ^ wbs_adr_i[4] (in)
                                                         wbs_adr_i[4] (net)
                      0.042089    0.000000   20.023479 ^ input17/A (sky130_fd_sc_hd__clkbuf_1)
     1    0.002346    0.064800    0.131639   20.155119 ^ input17/X (sky130_fd_sc_hd__clkbuf_1)
                                                         net17 (net)
                      0.064800    0.000048   20.155167 ^ _0751_/B (sky130_fd_sc_hd__or3_1)
     4    0.013042    0.199958    0.268603   20.423769 ^ _0751_/X (sky130_fd_sc_hd__or3_1)
                                                         _0096_ (net)
                      0.199958    0.000469   20.424238 ^ _1402_/A (sky130_fd_sc_hd__nor2_1)
     2    0.013205    0.132451    0.204299   20.628538 v _1402_/Y (sky130_fd_sc_hd__nor2_1)
                                                         _0693_ (net)
                      0.132451    0.000638   20.629175 v _1408_/B (sky130_fd_sc_hd__nor2_4)
    12    0.042202    0.445249    0.409861   21.039036 ^ _1408_/Y (sky130_fd_sc_hd__nor2_4)
                                                         _0698_ (net)
                      0.445251    0.000853   21.039888 ^ _1409_/B (sky130_fd_sc_hd__and2_1)
     6    0.035217    0.548284    0.704139   21.744028 ^ _1409_/X (sky130_fd_sc_hd__and2_1)
                                                         net128 (net)
                      0.548284    0.001380   21.745407 ^ fanout147/A (sky130_fd_sc_hd__clkbuf_2)
    10    0.026187    0.232053    0.501419   22.246828 ^ fanout147/X (sky130_fd_sc_hd__clkbuf_2)
                                                         net147 (net)
                      0.232053    0.000757   22.247583 ^ _1777_/A (sky130_fd_sc_hd__clkbuf_1)
     1    0.002122    0.062617    0.207121   22.454706 ^ _1777_/X (sky130_fd_sc_hd__clkbuf_1)
                                                         net120 (net)
                      0.062617    0.000041   22.454746 ^ output120/A (sky130_fd_sc_hd__buf_2)
     1    0.034209    0.271707    0.339769   22.794516 ^ output120/X (sky130_fd_sc_hd__buf_2)
                                                         wbs_dat_o[21] (net)
                      0.271707    0.000718   22.795233 ^ wbs_dat_o[21] (out)
                                             22.795233   data arrival time

                      0.000000    0.000000    0.000000   clock clk (rise edge)
                                  0.000000    0.000000   clock network delay (ideal)
                                  0.250000    0.250000   clock uncertainty
                                  0.000000    0.250000   clock reconvergence pessimism
                                -20.000000  -19.750002   output external delay
                                            -19.750002   data required time
---------------------------------------------------------------------------------------------
                                            -19.750002   data required time
                                            -22.795233   data arrival time
---------------------------------------------------------------------------------------------
                                             42.545231   slack (MET)


Startpoint: wbs_adr_i[4] (input port clocked by clk)
Endpoint: wbs_dat_o[26] (output port clocked by clk)
Path Group: clk
Path Type: min

Fanout         Cap        Slew       Delay        Time   Description
---------------------------------------------------------------------------------------------
                      0.000000    0.000000    0.000000   clock clk (rise edge)
                                  0.000000    0.000000   clock network delay (ideal)
                                 20.000000   20.000000 ^ input external delay
     2    0.004258    0.042089    0.023480   20.023479 ^ wbs_adr_i[4] (in)
                                                         wbs_adr_i[4] (net)
                      0.042089    0.000000   20.023479 ^ input17/A (sky130_fd_sc_hd__clkbuf_1)
     1    0.002346    0.064800    0.131639   20.155119 ^ input17/X (sky130_fd_sc_hd__clkbuf_1)
                                                         net17 (net)
                      0.064800    0.000048   20.155167 ^ _0751_/B (sky130_fd_sc_hd__or3_1)
     4    0.013042    0.199958    0.268603   20.423769 ^ _0751_/X (sky130_fd_sc_hd__or3_1)
                                                         _0096_ (net)
                      0.199958    0.000469   20.424238 ^ _1402_/A (sky130_fd_sc_hd__nor2_1)
     2    0.013205    0.132451    0.204299   20.628538 v _1402_/Y (sky130_fd_sc_hd__nor2_1)
                                                         _0693_ (net)
                      0.132451    0.000638   20.629175 v _1408_/B (sky130_fd_sc_hd__nor2_4)
    12    0.042202    0.445249    0.409861   21.039036 ^ _1408_/Y (sky130_fd_sc_hd__nor2_4)
                                                         _0698_ (net)
                      0.445251    0.000853   21.039888 ^ _1409_/B (sky130_fd_sc_hd__and2_1)
     6    0.035217    0.548284    0.704139   21.744028 ^ _1409_/X (sky130_fd_sc_hd__and2_1)
                                                         net128 (net)
                      0.548284    0.001380   21.745407 ^ fanout147/A (sky130_fd_sc_hd__clkbuf_2)
    10    0.026187    0.232053    0.501419   22.246828 ^ fanout147/X (sky130_fd_sc_hd__clkbuf_2)
                                                         net147 (net)
                      0.232053    0.000909   22.247736 ^ _1782_/A (sky130_fd_sc_hd__clkbuf_1)
     1    0.002114    0.062494    0.207017   22.454754 ^ _1782_/X (sky130_fd_sc_hd__clkbuf_1)
                                                         net123 (net)
                      0.062494    0.000043   22.454796 ^ output123/A (sky130_fd_sc_hd__buf_2)
     1    0.034245    0.271979    0.339897   22.794693 ^ output123/X (sky130_fd_sc_hd__buf_2)
                                                         wbs_dat_o[26] (net)
                      0.271979    0.000728   22.795422 ^ wbs_dat_o[26] (out)
                                             22.795422   data arrival time

                      0.000000    0.000000    0.000000   clock clk (rise edge)
                                  0.000000    0.000000   clock network delay (ideal)
                                  0.250000    0.250000   clock uncertainty
                                  0.000000    0.250000   clock reconvergence pessimism
                                -20.000000  -19.750002   output external delay
                                            -19.750002   data required time
---------------------------------------------------------------------------------------------
                                            -19.750002   data required time
                                            -22.795422   data arrival time
---------------------------------------------------------------------------------------------
                                             42.545425   slack (MET)


Startpoint: wbs_adr_i[4] (input port clocked by clk)
Endpoint: wbs_dat_o[16] (output port clocked by clk)
Path Group: clk
Path Type: min

Fanout         Cap        Slew       Delay        Time   Description
---------------------------------------------------------------------------------------------
                      0.000000    0.000000    0.000000   clock clk (rise edge)
                                  0.000000    0.000000   clock network delay (ideal)
                                 20.000000   20.000000 ^ input external delay
     2    0.004258    0.042089    0.023480   20.023479 ^ wbs_adr_i[4] (in)
                                                         wbs_adr_i[4] (net)
                      0.042089    0.000000   20.023479 ^ input17/A (sky130_fd_sc_hd__clkbuf_1)
     1    0.002346    0.064800    0.131639   20.155119 ^ input17/X (sky130_fd_sc_hd__clkbuf_1)
                                                         net17 (net)
                      0.064800    0.000048   20.155167 ^ _0751_/B (sky130_fd_sc_hd__or3_1)
     4    0.013042    0.199958    0.268603   20.423769 ^ _0751_/X (sky130_fd_sc_hd__or3_1)
                                                         _0096_ (net)
                      0.199958    0.000469   20.424238 ^ _1402_/A (sky130_fd_sc_hd__nor2_1)
     2    0.013205    0.132451    0.204299   20.628538 v _1402_/Y (sky130_fd_sc_hd__nor2_1)
                                                         _0693_ (net)
                      0.132451    0.000638   20.629175 v _1408_/B (sky130_fd_sc_hd__nor2_4)
    12    0.042202    0.445249    0.409861   21.039036 ^ _1408_/Y (sky130_fd_sc_hd__nor2_4)
                                                         _0698_ (net)
                      0.445251    0.000853   21.039888 ^ _1409_/B (sky130_fd_sc_hd__and2_1)
     6    0.035217    0.548284    0.704139   21.744028 ^ _1409_/X (sky130_fd_sc_hd__and2_1)
                                                         net128 (net)
                      0.548284    0.001380   21.745407 ^ fanout147/A (sky130_fd_sc_hd__clkbuf_2)
    10    0.026187    0.232053    0.501419   22.246828 ^ fanout147/X (sky130_fd_sc_hd__clkbuf_2)
                                                         net147 (net)
                      0.232053    0.000600   22.247427 ^ _1772_/A (sky130_fd_sc_hd__clkbuf_1)
     1    0.002288    0.065280    0.209374   22.456802 ^ _1772_/X (sky130_fd_sc_hd__clkbuf_1)
                                                         net116 (net)
                      0.065280    0.000066   22.456867 ^ output116/A (sky130_fd_sc_hd__buf_2)
     1    0.034229    0.271861    0.341089   22.797956 ^ output116/X (sky130_fd_sc_hd__buf_2)
                                                         wbs_dat_o[16] (net)
                      0.271861    0.000728   22.798685 ^ wbs_dat_o[16] (out)
                                             22.798685   data arrival time

                      0.000000    0.000000    0.000000   clock clk (rise edge)
                                  0.000000    0.000000   clock network delay (ideal)
                                  0.250000    0.250000   clock uncertainty
                                  0.000000    0.250000   clock reconvergence pessimism
                                -20.000000  -19.750002   output external delay
                                            -19.750002   data required time
---------------------------------------------------------------------------------------------
                                            -19.750002   data required time
                                            -22.798685   data arrival time
---------------------------------------------------------------------------------------------
                                             42.548687   slack (MET)


Startpoint: wbs_adr_i[4] (input port clocked by clk)
Endpoint: wbs_dat_o[18] (output port clocked by clk)
Path Group: clk
Path Type: min

Fanout         Cap        Slew       Delay        Time   Description
---------------------------------------------------------------------------------------------
                      0.000000    0.000000    0.000000   clock clk (rise edge)
                                  0.000000    0.000000   clock network delay (ideal)
                                 20.000000   20.000000 ^ input external delay
     2    0.004258    0.042089    0.023480   20.023479 ^ wbs_adr_i[4] (in)
                                                         wbs_adr_i[4] (net)
                      0.042089    0.000000   20.023479 ^ input17/A (sky130_fd_sc_hd__clkbuf_1)
     1    0.002346    0.064800    0.131639   20.155119 ^ input17/X (sky130_fd_sc_hd__clkbuf_1)
                                                         net17 (net)
                      0.064800    0.000048   20.155167 ^ _0751_/B (sky130_fd_sc_hd__or3_1)
     4    0.013042    0.199958    0.268603   20.423769 ^ _0751_/X (sky130_fd_sc_hd__or3_1)
                                                         _0096_ (net)
                      0.199958    0.000469   20.424238 ^ _1402_/A (sky130_fd_sc_hd__nor2_1)
     2    0.013205    0.132451    0.204299   20.628538 v _1402_/Y (sky130_fd_sc_hd__nor2_1)
                                                         _0693_ (net)
                      0.132451    0.000638   20.629175 v _1408_/B (sky130_fd_sc_hd__nor2_4)
    12    0.042202    0.445249    0.409861   21.039036 ^ _1408_/Y (sky130_fd_sc_hd__nor2_4)
                                                         _0698_ (net)
                      0.445251    0.000853   21.039888 ^ _1409_/B (sky130_fd_sc_hd__and2_1)
     6    0.035217    0.548284    0.704139   21.744028 ^ _1409_/X (sky130_fd_sc_hd__and2_1)
                                                         net128 (net)
                      0.548284    0.001380   21.745407 ^ fanout147/A (sky130_fd_sc_hd__clkbuf_2)
    10    0.026187    0.232053    0.501419   22.246828 ^ fanout147/X (sky130_fd_sc_hd__clkbuf_2)
                                                         net147 (net)
                      0.232053    0.000641   22.247469 ^ _1774_/A (sky130_fd_sc_hd__clkbuf_1)
     1    0.002566    0.069834    0.213168   22.460636 ^ _1774_/X (sky130_fd_sc_hd__clkbuf_1)
                                                         net117 (net)
                      0.069834    0.000075   22.460711 ^ output117/A (sky130_fd_sc_hd__buf_2)
     1    0.034081    0.270753    0.342455   22.803165 ^ output117/X (sky130_fd_sc_hd__buf_2)
                                                         wbs_dat_o[18] (net)
                      0.270753    0.000636   22.803802 ^ wbs_dat_o[18] (out)
                                             22.803802   data arrival time

                      0.000000    0.000000    0.000000   clock clk (rise edge)
                                  0.000000    0.000000   clock network delay (ideal)
                                  0.250000    0.250000   clock uncertainty
                                  0.000000    0.250000   clock reconvergence pessimism
                                -20.000000  -19.750002   output external delay
                                            -19.750002   data required time
---------------------------------------------------------------------------------------------
                                            -19.750002   data required time
                                            -22.803802   data arrival time
---------------------------------------------------------------------------------------------
                                             42.553802   slack (MET)


Startpoint: wbs_adr_i[4] (input port clocked by clk)
Endpoint: wbs_dat_o[15] (output port clocked by clk)
Path Group: clk
Path Type: min

Fanout         Cap        Slew       Delay        Time   Description
---------------------------------------------------------------------------------------------
                      0.000000    0.000000    0.000000   clock clk (rise edge)
                                  0.000000    0.000000   clock network delay (ideal)
                                 20.000000   20.000000 ^ input external delay
     2    0.004258    0.042089    0.023480   20.023479 ^ wbs_adr_i[4] (in)
                                                         wbs_adr_i[4] (net)
                      0.042089    0.000000   20.023479 ^ input17/A (sky130_fd_sc_hd__clkbuf_1)
     1    0.002346    0.064800    0.131639   20.155119 ^ input17/X (sky130_fd_sc_hd__clkbuf_1)
                                                         net17 (net)
                      0.064800    0.000048   20.155167 ^ _0751_/B (sky130_fd_sc_hd__or3_1)
     4    0.013042    0.199958    0.268603   20.423769 ^ _0751_/X (sky130_fd_sc_hd__or3_1)
                                                         _0096_ (net)
                      0.199958    0.000469   20.424238 ^ _1402_/A (sky130_fd_sc_hd__nor2_1)
     2    0.013205    0.132451    0.204299   20.628538 v _1402_/Y (sky130_fd_sc_hd__nor2_1)
                                                         _0693_ (net)
                      0.132451    0.000638   20.629175 v _1408_/B (sky130_fd_sc_hd__nor2_4)
    12    0.042202    0.445249    0.409861   21.039036 ^ _1408_/Y (sky130_fd_sc_hd__nor2_4)
                                                         _0698_ (net)
                      0.445251    0.000853   21.039888 ^ _1409_/B (sky130_fd_sc_hd__and2_1)
     6    0.035217    0.548284    0.704139   21.744028 ^ _1409_/X (sky130_fd_sc_hd__and2_1)
                                                         net128 (net)
                      0.548284    0.001380   21.745407 ^ fanout147/A (sky130_fd_sc_hd__clkbuf_2)
    10    0.026187    0.232053    0.501419   22.246828 ^ fanout147/X (sky130_fd_sc_hd__clkbuf_2)
                                                         net147 (net)
                      0.232053    0.000377   22.247204 ^ _1771_/A (sky130_fd_sc_hd__clkbuf_1)
     1    0.002560    0.069728    0.213079   22.460283 ^ _1771_/X (sky130_fd_sc_hd__clkbuf_1)
                                                         net115 (net)
                      0.069728    0.000075   22.460358 ^ output115/A (sky130_fd_sc_hd__buf_2)
     1    0.034363    0.272874    0.343809   22.804167 ^ output115/X (sky130_fd_sc_hd__buf_2)
                                                         wbs_dat_o[15] (net)
                      0.272874    0.000771   22.804937 ^ wbs_dat_o[15] (out)
                                             22.804937   data arrival time

                      0.000000    0.000000    0.000000   clock clk (rise edge)
                                  0.000000    0.000000   clock network delay (ideal)
                                  0.250000    0.250000   clock uncertainty
                                  0.000000    0.250000   clock reconvergence pessimism
                                -20.000000  -19.750002   output external delay
                                            -19.750002   data required time
---------------------------------------------------------------------------------------------
                                            -19.750002   data required time
                                            -22.804937   data arrival time
---------------------------------------------------------------------------------------------
                                             42.554939   slack (MET)


Startpoint: wbs_adr_i[4] (input port clocked by clk)
Endpoint: wbs_dat_o[27] (output port clocked by clk)
Path Group: clk
Path Type: min

Fanout         Cap        Slew       Delay        Time   Description
---------------------------------------------------------------------------------------------
                      0.000000    0.000000    0.000000   clock clk (rise edge)
                                  0.000000    0.000000   clock network delay (ideal)
                                 20.000000   20.000000 ^ input external delay
     2    0.004258    0.042089    0.023480   20.023479 ^ wbs_adr_i[4] (in)
                                                         wbs_adr_i[4] (net)
                      0.042089    0.000000   20.023479 ^ input17/A (sky130_fd_sc_hd__clkbuf_1)
     1    0.002346    0.064800    0.131639   20.155119 ^ input17/X (sky130_fd_sc_hd__clkbuf_1)
                                                         net17 (net)
                      0.064800    0.000048   20.155167 ^ _0751_/B (sky130_fd_sc_hd__or3_1)
     4    0.013042    0.199958    0.268603   20.423769 ^ _0751_/X (sky130_fd_sc_hd__or3_1)
                                                         _0096_ (net)
                      0.199958    0.000469   20.424238 ^ _1402_/A (sky130_fd_sc_hd__nor2_1)
     2    0.013205    0.132451    0.204299   20.628538 v _1402_/Y (sky130_fd_sc_hd__nor2_1)
                                                         _0693_ (net)
                      0.132451    0.000638   20.629175 v _1408_/B (sky130_fd_sc_hd__nor2_4)
    12    0.042202    0.445249    0.409861   21.039036 ^ _1408_/Y (sky130_fd_sc_hd__nor2_4)
                                                         _0698_ (net)
                      0.445251    0.000853   21.039888 ^ _1409_/B (sky130_fd_sc_hd__and2_1)
     6    0.035217    0.548284    0.704139   21.744028 ^ _1409_/X (sky130_fd_sc_hd__and2_1)
                                                         net128 (net)
                      0.548284    0.001380   21.745407 ^ fanout147/A (sky130_fd_sc_hd__clkbuf_2)
    10    0.026187    0.232053    0.501419   22.246828 ^ fanout147/X (sky130_fd_sc_hd__clkbuf_2)
                                                         net147 (net)
                      0.232053    0.000913   22.247740 ^ _1783_/A (sky130_fd_sc_hd__clkbuf_1)
     1    0.002694    0.071958    0.214907   22.462648 ^ _1783_/X (sky130_fd_sc_hd__clkbuf_1)
                                                         net124 (net)
                      0.071958    0.000078   22.462727 ^ output124/A (sky130_fd_sc_hd__buf_2)
     1    0.034131    0.271130    0.343695   22.806421 ^ output124/X (sky130_fd_sc_hd__buf_2)
                                                         wbs_dat_o[27] (net)
                      0.271130    0.000638   22.807058 ^ wbs_dat_o[27] (out)
                                             22.807058   data arrival time

                      0.000000    0.000000    0.000000   clock clk (rise edge)
                                  0.000000    0.000000   clock network delay (ideal)
                                  0.250000    0.250000   clock uncertainty
                                  0.000000    0.250000   clock reconvergence pessimism
                                -20.000000  -19.750002   output external delay
                                            -19.750002   data required time
---------------------------------------------------------------------------------------------
                                            -19.750002   data required time
                                            -22.807058   data arrival time
---------------------------------------------------------------------------------------------
                                             42.557060   slack (MET)



