
===========================================================================
 report_power
============================================================================
======================= nom_ss_100C_1v60 Corner ===================================

Group                    Internal    Switching      Leakage        Total
                            Power        Power        Power        Power (Watts)
------------------------------------------------------------------------
Sequential           1.705505e-05 5.713095e-08 1.017902e-06 1.813008e-05  42.8%
Combinational        8.204805e-07 1.368643e-06 5.651313e-06 7.840436e-06  18.5%
Clock                7.327812e-06 8.965381e-06 1.126678e-07 1.640586e-05  38.7%
Macro                0.000000e+00 0.000000e+00 0.000000e+00 0.000000e+00   0.0%
Pad                  0.000000e+00 0.000000e+00 0.000000e+00 0.000000e+00   0.0%
------------------------------------------------------------------------
Total                2.520329e-05 1.039116e-05 6.781887e-06 4.237634e-05 100.0%
                            59.5%        24.5%        16.0%

