
===========================================================================
 report_power
============================================================================
======================= nom_ss_100C_1v60 Corner ===================================

Group                    Internal    Switching      Leakage        Total
                            Power        Power        Power        Power (Watts)
------------------------------------------------------------------------
Sequential           1.702095e-05 1.784482e-08 1.039171e-06 1.807796e-05  39.4%
Combinational        1.036036e-06 2.498163e-06 6.102353e-06 9.636551e-06  21.0%
Clock                7.348226e-06 1.068453e-05 1.119643e-07 1.814472e-05  39.6%
Macro                0.000000e+00 0.000000e+00 0.000000e+00 0.000000e+00   0.0%
Pad                  0.000000e+00 0.000000e+00 0.000000e+00 0.000000e+00   0.0%
------------------------------------------------------------------------
Total                2.540521e-05 1.320054e-05 7.253477e-06 4.585923e-05 100.0%
                            55.4%        28.8%        15.8%

