
===========================================================================
 report_power
============================================================================
======================= nom_tt_025C_1v80 Corner ===================================

Group                    Internal    Switching      Leakage        Total
                            Power        Power        Power        Power (Watts)
------------------------------------------------------------------------
Sequential           2.225869e-05 2.323690e-08 7.122146e-10 2.228264e-05  45.2%
Combinational        1.271715e-06 3.184872e-06 5.294426e-09 4.461881e-06   9.0%
Clock                9.069268e-06 1.348574e-05 1.612009e-08 2.257113e-05  45.8%
Macro                0.000000e+00 0.000000e+00 0.000000e+00 0.000000e+00   0.0%
Pad                  0.000000e+00 0.000000e+00 0.000000e+00 0.000000e+00   0.0%
------------------------------------------------------------------------
Total                3.259966e-05 1.669385e-05 2.212691e-08 4.931564e-05 100.0%
                            66.1%        33.9%         0.0%

