
===========================================================================
 report_power
============================================================================
======================= max_ff_n40C_1v95 Corner ===================================

Group                    Internal    Switching      Leakage        Total
                            Power        Power        Power        Power (Watts)
------------------------------------------------------------------------
Sequential           2.587564e-05 2.902556e-08 1.242091e-09 2.590591e-05  44.6%
Combinational        1.502281e-06 3.857935e-06 9.474419e-09 5.369690e-06   9.2%
Clock                1.027904e-05 1.648077e-05 1.916424e-08 2.677898e-05  46.1%
Macro                0.000000e+00 0.000000e+00 0.000000e+00 0.000000e+00   0.0%
Pad                  0.000000e+00 0.000000e+00 0.000000e+00 0.000000e+00   0.0%
------------------------------------------------------------------------
Total                3.765694e-05 2.036774e-05 2.988074e-08 5.805457e-05 100.0%
                            64.9%        35.1%         0.1%

