
===========================================================================
 report_power
============================================================================
======================= nom_tt_025C_1v80 Corner ===================================

Group                    Internal    Switching      Leakage        Total
                            Power        Power        Power        Power (Watts)
------------------------------------------------------------------------
Sequential           6.634943e-05 4.881168e-12 2.208691e-09 6.635165e-05  88.5%
Combinational        2.372538e-06 5.803911e-06 6.039837e-09 8.182489e-06  10.9%
Clock                -3.550436e-10 0.000000e+00 4.717008e-07 4.713458e-07   0.6%
Macro                0.000000e+00 0.000000e+00 0.000000e+00 0.000000e+00   0.0%
Pad                  0.000000e+00 0.000000e+00 0.000000e+00 0.000000e+00   0.0%
------------------------------------------------------------------------
Total                6.872165e-05 5.803916e-06 4.799426e-07 7.500551e-05 100.0%
                            91.6%         7.7%         0.6%

