┏━━━━━━━━━━━━━━━━━━━━━━┳━━━━━━━━━━┳━━━━━━━━━━┳━━━━━━━━━━┳━━━━━━━━━━┳━━━━━━━━━━━┳━━━━━━━━━━┳━━━━━━━━━━━┳━━━━━━━━━━┳━━━━━━
┃                      ┃ Hold     ┃ Reg to   ┃          ┃          ┃ of which  ┃ Setup    ┃           ┃          ┃      
┃                      ┃ Worst    ┃ Reg      ┃          ┃ Hold Vio ┃ reg to    ┃ Worst    ┃ Reg to    ┃ Setup    ┃ Setup
┃ Corner/Group         ┃ Slack    ┃ Paths    ┃ Hold TNS ┃ Count    ┃ reg       ┃ Slack    ┃ Reg Paths ┃ TNS      ┃ Count
┡━━━━━━━━━━━━━━━━━━━━━━╇━━━━━━━━━━╇━━━━━━━━━━╇━━━━━━━━━━╇━━━━━━━━━━╇━━━━━━━━━━━╇━━━━━━━━━━╇━━━━━━━━━━━╇━━━━━━━━━━╇━━━━━━
│ Overall              │ 40.2741  │ N/A      │ 0.0000   │ 0        │ 0         │ 53.5971  │ N/A       │ 0.0000   │ 0    
│ nom_tt_025C_1v80     │ 40.6019  │ N/A      │ 0.0000   │ 0        │ 0         │ 56.9365  │ N/A       │ 0.0000   │ 0    
│ nom_ss_100C_1v60     │ 41.3385  │ N/A      │ 0.0000   │ 0        │ 0         │ 53.6572  │ N/A       │ 0.0000   │ 0    
│ nom_ff_n40C_1v95     │ 40.2845  │ N/A      │ 0.0000   │ 0        │ 0         │ 58.0133  │ N/A       │ 0.0000   │ 0    
│ min_tt_025C_1v80     │ 40.5900  │ N/A      │ 0.0000   │ 0        │ 0         │ 56.9775  │ N/A       │ 0.0000   │ 0    
│ min_ss_100C_1v60     │ 41.3174  │ N/A      │ 0.0000   │ 0        │ 0         │ 53.7366  │ N/A       │ 0.0000   │ 0    
│ min_ff_n40C_1v95     │ 40.2741  │ N/A      │ 0.0000   │ 0        │ 0         │ 58.0412  │ N/A       │ 0.0000   │ 0    
│ max_tt_025C_1v80     │ 40.6110  │ N/A      │ 0.0000   │ 0        │ 0         │ 56.9029  │ N/A       │ 0.0000   │ 0    
│ max_ss_100C_1v60     │ 41.3653  │ N/A      │ 0.0000   │ 0        │ 0         │ 53.5971  │ N/A       │ 0.0000   │ 0    
│ max_ff_n40C_1v95     │ 40.2941  │ N/A      │ 0.0000   │ 0        │ 0         │ 57.9903  │ N/A       │ 0.0000   │ 0    
└──────────────────────┴──────────┴──────────┴──────────┴──────────┴───────────┴──────────┴───────────┴──────────┴──────
