
===========================================================================
 report_power
============================================================================
======================= max_ss_100C_1v60 Corner ===================================

Group                    Internal    Switching      Leakage        Total
                            Power        Power        Power        Power (Watts)
------------------------------------------------------------------------
Sequential           4.902984e-05 4.072438e-12 2.883952e-06 5.191380e-05  77.7%
Combinational        1.847251e-06 4.724269e-06 7.882959e-06 1.445448e-05  21.6%
Clock                -2.332575e-09 0.000000e+00 4.786901e-07 4.763575e-07   0.7%
Macro                0.000000e+00 0.000000e+00 0.000000e+00 0.000000e+00   0.0%
Pad                  0.000000e+00 0.000000e+00 0.000000e+00 0.000000e+00   0.0%
------------------------------------------------------------------------
Total                5.087479e-05 4.724273e-06 1.124557e-05 6.684464e-05 100.0%
                            76.1%         7.1%        16.8%

