
===========================================================================
 report_power
============================================================================
======================= nom_ss_100C_1v60 Corner ===================================

Group                    Internal    Switching      Leakage        Total
                            Power        Power        Power        Power (Watts)
------------------------------------------------------------------------
Sequential           4.892473e-05 3.830165e-12 2.883952e-06 5.180869e-05  77.9%
Combinational        1.847723e-06 4.514261e-06 7.882959e-06 1.424494e-05  21.4%
Clock                -2.184128e-09 0.000000e+00 4.786901e-07 4.765060e-07   0.7%
Macro                0.000000e+00 0.000000e+00 0.000000e+00 0.000000e+00   0.0%
Pad                  0.000000e+00 0.000000e+00 0.000000e+00 0.000000e+00   0.0%
------------------------------------------------------------------------
Total                5.077031e-05 4.514265e-06 1.124557e-05 6.653015e-05 100.0%
                            76.3%         6.8%        16.9%

